<html>
<body>
<pre>
<h1>礦ision Build Log</h1>
<h2>Tool Versions:</h2>
IDE-Version: μVision V5.14.0.0
Copyright (C) 2015 ARM Ltd and ARM Germany GmbH. All rights reserved.
License Information: 陆 宇轩, 果果, LIC=EPPDY-I3FDV-RE2H3-AXQ0I-T75G3-GWRM8
 
Tool Versions:
Toolchain:       MDK-ARM Professional  Version: 5.14.0.0
Toolchain Path:  C:\Keil_v5\ARM\ARMCC\Bin
C Compiler:      Armcc.exe V5.05 update 1 (build 106)
Assembler:       Armasm.exe V5.05 update 1 (build 106)
Linker/Locator:  ArmLink.exe V5.05 update 1 (build 106)
Library Manager: ArmAr.exe V5.05 update 1 (build 106)
Hex Converter:   FromElf.exe V5.05 update 1 (build 106)
CPU DLL:         SARMCM3.DLL V5.14.0.0
Dialog DLL:      DCM.DLL V1.13.1.0
Target DLL:      STLink\ST-LINKIII-KEIL_SWO.dll V2.0.14.0_KEIL
Dialog DLL:      TCM.DLL V1.14.4.0
 
<h2>Project:</h2>
C:\Users\yuhui\Desktop\造船\模块代码\遥控器实验\USER\Template.uvprojx
Project File Date:  03/21/2018

<h2>Output:</h2>
Build target 'Template'
compiling main.c...
main.c(28): warning:  #223-D: function "uart2_init" declared implicitly
        uart2_init(115200);
main.c(13): warning:  #177-D: variable "key" was declared but never referenced
        u8 key,mode;
main.c(13): warning:  #177-D: variable "mode" was declared but never referenced
        u8 key,mode;
main.c(16): warning:  #177-D: variable "len" was declared but never referenced
        u8 len; 
main.c(20): warning:  #177-D: variable "temp" was declared but never referenced
        float temp;
main.c: 5 warnings, 0 errors
compiling led.c...
linking...
Program Size: Code=4236 RO-data=424 RW-data=28 ZI-data=1836  
FromELF: creating hex file...
"..\OBJ\Template.axf" - 0 Error(s), 5 Warning(s).

<h2>Collection of Component include folders:</h2>
  C:\Users\yuhui\Desktop\造船\模块代码\遥控器实验\USER\RTE
  C:\Keil_v5\ARM\PACK\Keil\STM32F4xx_DFP\1.0.8\Device\Include

<h2>Collection of Component Files used:</h2>
</pre>
</body>
</html>
