<html>
<body>
<pre>
<h1>礦ision Build Log</h1>
<h2>Tool Versions:</h2>
IDE-Version: μVision V5.14.0.0
Copyright (C) 2015 ARM Ltd and ARM Germany GmbH. All rights reserved.
License Information: 陆 宇轩, 果果, LIC=EPPDY-I3FDV-RE2H3-AXQ0I-T75G3-GWRM8
 
Tool Versions:
Toolchain:       MDK-ARM Professional  Version: 5.14.0.0
Toolchain Path:  C:\Keil_v5\ARM\ARMCC\Bin
C Compiler:      Armcc.exe V5.05 update 1 (build 106)
Assembler:       Armasm.exe V5.05 update 1 (build 106)
Linker/Locator:  ArmLink.exe V5.05 update 1 (build 106)
Library Manager: ArmAr.exe V5.05 update 1 (build 106)
Hex Converter:   FromElf.exe V5.05 update 1 (build 106)
CPU DLL:         SARMCM3.DLL V5.14.0.0
Dialog DLL:      DCM.DLL V1.13.1.0
Target DLL:      STLink\ST-LINKIII-KEIL_SWO.dll V2.0.14.0_KEIL
Dialog DLL:      TCM.DLL V1.14.4.0
 
<h2>Project:</h2>
C:\Users\yuhui\Desktop\遥控器 - 副本 - 副本\USER\Template.uvprojx
Project File Date:  03/18/2018

<h2>Output:</h2>
Build target 'Template'
compiling main.c...
main.c(30): warning:  #223-D: function "uart2_init" declared implicitly
        uart2_init(115200);
main.c(15): warning:  #177-D: variable "key" was declared but never referenced
        u8 key,mode;
main.c(15): warning:  #177-D: variable "mode" was declared but never referenced
        u8 key,mode;
main.c(18): warning:  #177-D: variable "len" was declared but never referenced
        u8 len; 
main.c(22): warning:  #177-D: variable "temp" was declared but never referenced
        float temp;
main.c: 5 warnings, 0 errors
compiling stm32f4xx_it.c...
compiling system_stm32f4xx.c...
assembling startup_stm32f40_41xxx.s...
compiling misc.c...
compiling stm32f4xx_gpio.c...
compiling stm32f4xx_rcc.c...
compiling stm32f4xx_usart.c...
compiling stm32f4xx_tim.c...
compiling stm32f4xx_syscfg.c...
compiling stm32f4xx_adc.c...
compiling stm32f4xx_can.c...
compiling stm32f4xx_crc.c...
compiling stm32f4xx_cryp.c...
compiling stm32f4xx_cryp_aes.c...
compiling stm32f4xx_cryp_des.c...
compiling stm32f4xx_cryp_tdes.c...
compiling stm32f4xx_dac.c...
compiling stm32f4xx_dbgmcu.c...
compiling stm32f4xx_dcmi.c...
compiling stm32f4xx_dma.c...
compiling stm32f4xx_dma2d.c...
compiling stm32f4xx_exti.c...
compiling stm32f4xx_flash.c...
compiling stm32f4xx_flash_ramfunc.c...
compiling stm32f4xx_fsmc.c...
compiling stm32f4xx_hash.c...
compiling stm32f4xx_hash_md5.c...
compiling stm32f4xx_hash_sha1.c...
compiling stm32f4xx_i2c.c...
compiling stm32f4xx_iwdg.c...
compiling stm32f4xx_ltdc.c...
compiling stm32f4xx_pwr.c...
compiling stm32f4xx_rng.c...
compiling stm32f4xx_rtc.c...
compiling stm32f4xx_sai.c...
compiling stm32f4xx_sdio.c...
compiling stm32f4xx_spi.c...
compiling stm32f4xx_wwdg.c...
compiling delay.c...
compiling sys.c...
compiling usart.c...
compiling led.c...
compiling adc.c...
compiling spi.c...
..\HARDWARE\SPI\spi.c(84): warning:  #940-D: missing return statement at end of non-void function "SPI1_ReadWriteByte"
  }
..\HARDWARE\SPI\spi.c: 1 warning, 0 errors
compiling 24l01.c...
..\HARDWARE\NRF24L01\24l01.c(132): warning:  #223-D: function "printf" declared implicitly
        printf("before bite\t\r\n");
..\HARDWARE\NRF24L01\24l01.c(148): warning:  #223-D: function "printf" declared implicitly
        printf("before irq\t\r\n");
..\HARDWARE\NRF24L01\24l01.c: 2 warnings, 0 errors
compiling usart2.c...
..\HARDWARE\USART2\usart2.h(18): warning:  #1-D: last line of file ends without a newline
  #endif
..\HARDWARE\USART2\usart2.c(91): warning:  #1-D: last line of file ends without a newline
  }     
..\HARDWARE\USART2\usart2.c: 2 warnings, 0 errors
linking...
Program Size: Code=4908 RO-data=424 RW-data=28 ZI-data=1836  
FromELF: creating hex file...
"..\OBJ\Template.axf" - 0 Error(s), 10 Warning(s).

<h2>Collection of Component include folders:</h2>
  C:\Users\yuhui\Desktop\遥控器 - 副本 - 副本\USER\RTE
  C:\Keil_v5\ARM\PACK\Keil\STM32F4xx_DFP\1.0.8\Device\Include

<h2>Collection of Component Files used:</h2>
</pre>
</body>
</html>
